Radek
Dodane
Dodan